<!DOCTYPE html>
<html>
<head>
<meta charset=utf-8>
<title>34 jmlr-2010-Erratum: SGDQN is Less Careful than Expected</title>
</head>

<body>
<p><a title="jmlr" href="../jmlr_home.html">jmlr</a> <a title="jmlr-2010" href="../home/jmlr2010_home.html">jmlr2010</a> <a title="jmlr-2010-34" href="#">jmlr2010-34</a> knowledge-graph by maker-knowledge-mining</p><script async src="//pagead2.googlesyndication.com/pagead/js/adsbygoogle.js"></script>
<!-- maker adsense -->
<ins class="adsbygoogle"
     style="display:inline-block;width:728px;height:90px"
     data-ad-client="ca-pub-5027806277543591"
     data-ad-slot="4192012269"></ins>
<script>
(adsbygoogle = window.adsbygoogle || []).push({});
</script>
<h1>34 jmlr-2010-Erratum: SGDQN is Less Careful than Expected</h1>
<br/><p>Source: <a title="jmlr-2010-34-pdf" href="http://jmlr.org/papers/volume11/bordes10a/bordes10a.pdf">pdf</a></p><p>Author: Antoine Bordes, Léon Bottou, Patrick Gallinari, Jonathan Chang, S. Alex Smith</p><p>Abstract: The SGD-QN algorithm described in Bordes et al. (2009) contains a subtle ﬂaw that prevents it from reaching its design goals. Yet the ﬂawed SGD-QN algorithm has worked well enough to be a winner of the ﬁrst Pascal Large Scale Learning Challenge (Sonnenburg et al., 2008). This document clariﬁes the situation, proposes a corrected algorithm, and evaluates its performance. Keywords: stochastic gradient descent, support vector machine, conditional random ﬁelds</p><p>Reference: <a title="jmlr-2010-34-reference" href="../jmlr2010_reference/jmlr-2010-Erratum%3A_SGDQN_is_Less_Careful_than_Expected_reference.html">text</a></p><br/>
<h2>similar papers computed by tfidf model</h2><h3>tfidf for this paper:</h3><p>wordName wordTfidf (topN-words)</p>
<p>[('sgdqn', 0.747), ('flaw', 0.584), ('wt', 0.161), ('bii', 0.116), ('epoch', 0.092), ('yt', 0.085), ('gt', 0.07), ('correct', 0.058), ('xt', 0.057), ('updateb', 0.054), ('ft', 0.049), ('corqn', 0.048), ('olbfg', 0.048), ('allinar', 0.041), ('decondit', 0.041), ('ottou', 0.041), ('skip', 0.041), ('crf', 0.036), ('mith', 0.035), ('rrat', 0.034)]</p>
<h3>similar papers list:</h3><p>simIndex simValue paperId paperTitle</p>
<p>same-paper 1 1.0 <a title="34-tfidf-1" href="./jmlr-2010-Erratum%3A_SGDQN_is_Less_Careful_than_Expected.html">34 jmlr-2010-Erratum: SGDQN is Less Careful than Expected</a></p>
<p>2 0.10785734 <a title="34-tfidf-2" href="./jmlr-2010-Dual_Averaging_Methods_for_Regularized_Stochastic_Learning_and_Online_Optimization.html">31 jmlr-2010-Dual Averaging Methods for Regularized Stochastic Learning and Online Optimization</a></p>
<p>3 0.093138948 <a title="34-tfidf-3" href="./jmlr-2010-Bundle_Methods_for_Regularized_Risk_Minimization.html">18 jmlr-2010-Bundle Methods for Regularized Risk Minimization</a></p>
<p>4 0.066323608 <a title="34-tfidf-4" href="./jmlr-2010-A_Quasi-Newton_Approach_to_Nonsmooth_Convex_Optimization_Problems_in_Machine_Learning.html">5 jmlr-2010-A Quasi-Newton Approach to Nonsmooth Convex Optimization Problems in Machine Learning</a></p>
<p>5 0.038719811 <a title="34-tfidf-5" href="./jmlr-2010-Learning_Non-Stationary_Dynamic_Bayesian_Networks.html">64 jmlr-2010-Learning Non-Stationary Dynamic Bayesian Networks</a></p>
<p>6 0.028983137 <a title="34-tfidf-6" href="./jmlr-2010-On_the_Foundations_of_Noise-free_Selective_Classification.html">85 jmlr-2010-On the Foundations of Noise-free Selective Classification</a></p>
<p>7 0.026098166 <a title="34-tfidf-7" href="./jmlr-2010-Iterative_Scaling_and_Coordinate_Descent_Methods_for_Maximum_Entropy_Models.html">57 jmlr-2010-Iterative Scaling and Coordinate Descent Methods for Maximum Entropy Models</a></p>
<p>8 0.024096187 <a title="34-tfidf-8" href="./jmlr-2010-Online_Learning_for_Matrix_Factorization_and_Sparse_Coding.html">87 jmlr-2010-Online Learning for Matrix Factorization and Sparse Coding</a></p>
<p>9 0.023219101 <a title="34-tfidf-9" href="./jmlr-2010-Training_and_Testing_Low-degree_Polynomial_Data_Mappings_via_Linear_SVM.html">112 jmlr-2010-Training and Testing Low-degree Polynomial Data Mappings via Linear SVM</a></p>
<p>10 0.021849969 <a title="34-tfidf-10" href="./jmlr-2010-A_Generalized_Path_Integral_Control_Approach_to_Reinforcement_Learning.html">4 jmlr-2010-A Generalized Path Integral Control Approach to Reinforcement Learning</a></p>
<p>11 0.02073542 <a title="34-tfidf-11" href="./jmlr-2010-On-Line_Sequential_Bin_Packing.html">80 jmlr-2010-On-Line Sequential Bin Packing</a></p>
<p>12 0.020264383 <a title="34-tfidf-12" href="./jmlr-2010-Practical_Approaches_to_Principal_Component_Analysis_in_the_Presence_of_Missing_Values.html">92 jmlr-2010-Practical Approaches to Principal Component Analysis in the Presence of Missing Values</a></p>
<p>13 0.018072879 <a title="34-tfidf-13" href="./jmlr-2010-Linear_Algorithms_for_Online_Multitask_Classification.html">66 jmlr-2010-Linear Algorithms for Online Multitask Classification</a></p>
<p>14 0.014932423 <a title="34-tfidf-14" href="./jmlr-2010-Generalized_Expectation_Criteria_for_Semi-Supervised_Learning_with_Weakly_Labeled_Data.html">42 jmlr-2010-Generalized Expectation Criteria for Semi-Supervised Learning with Weakly Labeled Data</a></p>
<p>15 0.013159547 <a title="34-tfidf-15" href="./jmlr-2010-Message-passing_for_Graph-structured_Linear_Programs%3A_Proximal_Methods_and_Rounding_Schemes.html">76 jmlr-2010-Message-passing for Graph-structured Linear Programs: Proximal Methods and Rounding Schemes</a></p>
<p>16 0.012701992 <a title="34-tfidf-16" href="./jmlr-2010-A_Comparison_of_Optimization_Methods_and_Software_for_Large-scale_L1-regularized_Linear_Classification.html">1 jmlr-2010-A Comparison of Optimization Methods and Software for Large-scale L1-regularized Linear Classification</a></p>
<p>17 0.01151121 <a title="34-tfidf-17" href="./jmlr-2010-Consensus-Based_Distributed_Support_Vector_Machines.html">26 jmlr-2010-Consensus-Based Distributed Support Vector Machines</a></p>
<p>18 0.010850279 <a title="34-tfidf-18" href="./jmlr-2010-Learning_Instance-Specific_Predictive_Models.html">63 jmlr-2010-Learning Instance-Specific Predictive Models</a></p>
<p>19 0.010159559 <a title="34-tfidf-19" href="./jmlr-2010-Regret_Bounds_and_Minimax_Policies_under_Partial_Monitoring.html">97 jmlr-2010-Regret Bounds and Minimax Policies under Partial Monitoring</a></p>
<p>20 0.0098272096 <a title="34-tfidf-20" href="./jmlr-2010-Why_Does_Unsupervised_Pre-training_Help_Deep_Learning%3F.html">117 jmlr-2010-Why Does Unsupervised Pre-training Help Deep Learning?</a></p>
<br/>
<h2>similar papers computed by <a title="lsi-model" href="../home/jmlr2010_lsi.html">lsi model</a></h2><h3>lsi for this paper:</h3><p>topicId topicWeight</p>
<p>[(0, -0.066), (1, 0.071), (2, -0.035), (3, -0.008), (4, -0.212), (5, 0.125), (6, -0.031), (7, -0.001), (8, -0.007), (9, -0.022), (10, 0.068), (11, -0.043), (12, -0.061), (13, -0.007), (14, -0.006), (15, -0.003), (16, 0.076), (17, -0.044), (18, -0.0), (19, -0.0), (20, -0.012), (21, -0.075), (22, 0.073), (23, -0.045), (24, 0.034), (25, -0.01), (26, -0.034), (27, -0.015), (28, -0.039), (29, -0.013), (30, -0.027), (31, -0.034), (32, 0.051), (33, -0.052), (34, 0.075), (35, -0.04), (36, 0.04), (37, 0.054), (38, 0.032), (39, -0.038), (40, 0.169), (41, 0.191), (42, 0.032), (43, 0.114), (44, -0.101), (45, 0.338), (46, -0.01), (47, 0.156), (48, 0.175), (49, 0.008)]</p>
<h3>similar papers list:</h3><p>simIndex simValue paperId paperTitle</p>
<p>same-paper 1 0.94798416 <a title="34-lsi-1" href="./jmlr-2010-Erratum%3A_SGDQN_is_Less_Careful_than_Expected.html">34 jmlr-2010-Erratum: SGDQN is Less Careful than Expected</a></p>
<p>2 0.45213643 <a title="34-lsi-2" href="./jmlr-2010-Dual_Averaging_Methods_for_Regularized_Stochastic_Learning_and_Online_Optimization.html">31 jmlr-2010-Dual Averaging Methods for Regularized Stochastic Learning and Online Optimization</a></p>
<p>3 0.33843035 <a title="34-lsi-3" href="./jmlr-2010-Bundle_Methods_for_Regularized_Risk_Minimization.html">18 jmlr-2010-Bundle Methods for Regularized Risk Minimization</a></p>
<p>4 0.30601221 <a title="34-lsi-4" href="./jmlr-2010-A_Quasi-Newton_Approach_to_Nonsmooth_Convex_Optimization_Problems_in_Machine_Learning.html">5 jmlr-2010-A Quasi-Newton Approach to Nonsmooth Convex Optimization Problems in Machine Learning</a></p>
<p>5 0.30128175 <a title="34-lsi-5" href="./jmlr-2010-Learning_Non-Stationary_Dynamic_Bayesian_Networks.html">64 jmlr-2010-Learning Non-Stationary Dynamic Bayesian Networks</a></p>
<p>6 0.19382645 <a title="34-lsi-6" href="./jmlr-2010-Iterative_Scaling_and_Coordinate_Descent_Methods_for_Maximum_Entropy_Models.html">57 jmlr-2010-Iterative Scaling and Coordinate Descent Methods for Maximum Entropy Models</a></p>
<p>7 0.18752384 <a title="34-lsi-7" href="./jmlr-2010-Learning_Instance-Specific_Predictive_Models.html">63 jmlr-2010-Learning Instance-Specific Predictive Models</a></p>
<p>8 0.17934728 <a title="34-lsi-8" href="./jmlr-2010-Linear_Algorithms_for_Online_Multitask_Classification.html">66 jmlr-2010-Linear Algorithms for Online Multitask Classification</a></p>
<p>9 0.16512764 <a title="34-lsi-9" href="./jmlr-2010-Expectation_Truncation_and_the_Benefits_of_Preselection_In_Training_Generative_Models.html">38 jmlr-2010-Expectation Truncation and the Benefits of Preselection In Training Generative Models</a></p>
<p>10 0.16383077 <a title="34-lsi-10" href="./jmlr-2010-A_Generalized_Path_Integral_Control_Approach_to_Reinforcement_Learning.html">4 jmlr-2010-A Generalized Path Integral Control Approach to Reinforcement Learning</a></p>
<p>11 0.15345186 <a title="34-lsi-11" href="./jmlr-2010-On_the_Rate_of_Convergence_of_the_Bagged_Nearest_Neighbor_Estimate.html">86 jmlr-2010-On the Rate of Convergence of the Bagged Nearest Neighbor Estimate</a></p>
<p>12 0.14000008 <a title="34-lsi-12" href="./jmlr-2010-Second-Order_Bilinear_Discriminant_Analysis.html">101 jmlr-2010-Second-Order Bilinear Discriminant Analysis</a></p>
<p>13 0.12306153 <a title="34-lsi-13" href="./jmlr-2010-Posterior_Regularization_for_Structured_Latent_Variable_Models.html">91 jmlr-2010-Posterior Regularization for Structured Latent Variable Models</a></p>
<p>14 0.1207391 <a title="34-lsi-14" href="./jmlr-2010-On-Line_Sequential_Bin_Packing.html">80 jmlr-2010-On-Line Sequential Bin Packing</a></p>
<p>15 0.11903378 <a title="34-lsi-15" href="./jmlr-2010-Evolving_Static_Representations_for_Task_Transfer.html">37 jmlr-2010-Evolving Static Representations for Task Transfer</a></p>
<p>16 0.11530469 <a title="34-lsi-16" href="./jmlr-2010-On_the_Foundations_of_Noise-free_Selective_Classification.html">85 jmlr-2010-On the Foundations of Noise-free Selective Classification</a></p>
<p>17 0.10394094 <a title="34-lsi-17" href="./jmlr-2010-Stochastic_Complexity_and_Generalization_Error_of_a_Restricted_Boltzmann_Machine_in_Bayesian_Estimation.html">108 jmlr-2010-Stochastic Complexity and Generalization Error of a Restricted Boltzmann Machine in Bayesian Estimation</a></p>
<p>18 0.099928126 <a title="34-lsi-18" href="./jmlr-2010-Generalized_Expectation_Criteria_for_Semi-Supervised_Learning_with_Weakly_Labeled_Data.html">42 jmlr-2010-Generalized Expectation Criteria for Semi-Supervised Learning with Weakly Labeled Data</a></p>
<p>19 0.098361693 <a title="34-lsi-19" href="./jmlr-2010-Using_Contextual_Representations_to_Efficiently_Learn_Context-Free_Languages.html">115 jmlr-2010-Using Contextual Representations to Efficiently Learn Context-Free Languages</a></p>
<p>20 0.097770281 <a title="34-lsi-20" href="./jmlr-2010-A_Fast_Hybrid_Algorithm_for_Large-Scalel1-Regularized_Logistic_Regression.html">3 jmlr-2010-A Fast Hybrid Algorithm for Large-Scalel1-Regularized Logistic Regression</a></p>
<br/>
<h2>similar papers computed by <a title="lda-model" href="../home/jmlr2010_lda.html">lda model</a></h2><h3>lda for this paper:</h3><p>topicId topicWeight</p>
<p>[(4, 0.021), (11, 0.082), (12, 0.452), (13, 0.05), (19, 0.012), (22, 0.027), (33, 0.01), (49, 0.014), (57, 0.012), (65, 0.033), (71, 0.043), (74, 0.031), (82, 0.012), (94, 0.012)]</p>
<h3>similar papers list:</h3><p>simIndex simValue paperId paperTitle</p>
<p>same-paper 1 0.60402417 <a title="34-lda-1" href="./jmlr-2010-Erratum%3A_SGDQN_is_Less_Careful_than_Expected.html">34 jmlr-2010-Erratum: SGDQN is Less Careful than Expected</a></p>
<p>2 0.51976252 <a title="34-lda-2" href="./jmlr-2010-A_Quasi-Newton_Approach_to_Nonsmooth_Convex_Optimization_Problems_in_Machine_Learning.html">5 jmlr-2010-A Quasi-Newton Approach to Nonsmooth Convex Optimization Problems in Machine Learning</a></p>
<p>3 0.24131571 <a title="34-lda-3" href="./jmlr-2010-Practical_Approaches_to_Principal_Component_Analysis_in_the_Presence_of_Missing_Values.html">92 jmlr-2010-Practical Approaches to Principal Component Analysis in the Presence of Missing Values</a></p>
<p>4 0.23610115 <a title="34-lda-4" href="./jmlr-2010-Learning_Non-Stationary_Dynamic_Bayesian_Networks.html">64 jmlr-2010-Learning Non-Stationary Dynamic Bayesian Networks</a></p>
<p>5 0.23464443 <a title="34-lda-5" href="./jmlr-2010-Gaussian_Processes_for_Machine_Learning_%28GPML%29_Toolbox.html">41 jmlr-2010-Gaussian Processes for Machine Learning (GPML) Toolbox</a></p>
<p>6 0.23395301 <a title="34-lda-6" href="./jmlr-2010-Generalized_Expectation_Criteria_for_Semi-Supervised_Learning_with_Weakly_Labeled_Data.html">42 jmlr-2010-Generalized Expectation Criteria for Semi-Supervised Learning with Weakly Labeled Data</a></p>
<p>7 0.23364063 <a title="34-lda-7" href="./jmlr-2010-Unsupervised_Supervised_Learning_I%3A_Estimating_Classification_and_Regression_Errors_without_Labels.html">114 jmlr-2010-Unsupervised Supervised Learning I: Estimating Classification and Regression Errors without Labels</a></p>
<p>8 0.23348901 <a title="34-lda-8" href="./jmlr-2010-Semi-Supervised_Novelty_Detection.html">102 jmlr-2010-Semi-Supervised Novelty Detection</a></p>
<p>9 0.23320603 <a title="34-lda-9" href="./jmlr-2010-Approximate_Tree_Kernels.html">15 jmlr-2010-Approximate Tree Kernels</a></p>
<p>10 0.23313825 <a title="34-lda-10" href="./jmlr-2010-An_Exponential_Model_for_Infinite_Rankings.html">10 jmlr-2010-An Exponential Model for Infinite Rankings</a></p>
<p>11 0.23210809 <a title="34-lda-11" href="./jmlr-2010-On-Line_Sequential_Bin_Packing.html">80 jmlr-2010-On-Line Sequential Bin Packing</a></p>
<p>12 0.2319607 <a title="34-lda-12" href="./jmlr-2010-Stochastic_Composite_Likelihood.html">109 jmlr-2010-Stochastic Composite Likelihood</a></p>
<p>13 0.23176733 <a title="34-lda-13" href="./jmlr-2010-On_the_Foundations_of_Noise-free_Selective_Classification.html">85 jmlr-2010-On the Foundations of Noise-free Selective Classification</a></p>
<p>14 0.23151398 <a title="34-lda-14" href="./jmlr-2010-Why_Does_Unsupervised_Pre-training_Help_Deep_Learning%3F.html">117 jmlr-2010-Why Does Unsupervised Pre-training Help Deep Learning?</a></p>
<p>15 0.23144285 <a title="34-lda-15" href="./jmlr-2010-On_Finding_Predictors_for_Arbitrary_Families_of_Processes.html">81 jmlr-2010-On Finding Predictors for Arbitrary Families of Processes</a></p>
<p>16 0.23131257 <a title="34-lda-16" href="./jmlr-2010-PAC-Bayesian_Analysis_of_Co-clustering_and_Beyond.html">89 jmlr-2010-PAC-Bayesian Analysis of Co-clustering and Beyond</a></p>
<p>17 0.23096174 <a title="34-lda-17" href="./jmlr-2010-Spectral_Regularization_Algorithms_for_Learning_Large_Incomplete_Matrices.html">105 jmlr-2010-Spectral Regularization Algorithms for Learning Large Incomplete Matrices</a></p>
<p>18 0.23037913 <a title="34-lda-18" href="./jmlr-2010-Linear_Algorithms_for_Online_Multitask_Classification.html">66 jmlr-2010-Linear Algorithms for Online Multitask Classification</a></p>
<p>19 0.22977598 <a title="34-lda-19" href="./jmlr-2010-Consensus-Based_Distributed_Support_Vector_Machines.html">26 jmlr-2010-Consensus-Based Distributed Support Vector Machines</a></p>
<p>20 0.22965987 <a title="34-lda-20" href="./jmlr-2010-Information_Retrieval_Perspective_to_Nonlinear_Dimensionality_Reduction_for_Data_Visualization.html">54 jmlr-2010-Information Retrieval Perspective to Nonlinear Dimensionality Reduction for Data Visualization</a></p>
<br/><br/><br/>

<script>
(function(i,s,o,g,r,a,m){i['GoogleAnalyticsObject']=r;i[r]=i[r]||function(){
(i[r].q=i[r].q||[]).push(arguments)},i[r].l=1*new Date();a=s.createElement(o),
m=s.getElementsByTagName(o)[0];a.async=1;a.src=g;m.parentNode.insertBefore(a,m)
})(window,document,'script','//www.google-analytics.com/analytics.js','ga');

ga('create', 'UA-48522588-1', 'makerhacker.github.io');
ga('send', 'pageview');
</script>

</body>
</html>
